 circuity  share_pop_uncov  share_65p_uncov
      1.0         0.044329         0.050269
      1.2         0.077334         0.085362
      1.3         0.096173         0.105277
      1.4         0.116616         0.126631
     allocation  pop_uncov  pop_car_ess  pop65_car_ess
GHS-POP 2025(주)  4912898.0    2390344.0       676683.0
  GHS·Kontur 평균  5254794.0    2699654.0       721998.0
    Kontur 2023  5596690.0    3008963.0       767313.0
  대중교통 공간커버 밖 인구 4,912,898 (9.6%), 65+ 1,187,317 (10.5%)
  자동차 필수 거주 인구 2,390,344 (4.7%), 65+ 676,683 (6.0%), 75+ 288,096 (6.4%)
마스터 테이블 (228, 85), 정류장 자료 결함 의심 1곳: ['전라남도 보성군'] / 등록지 왜곡 의심: ['부산광역시 중구', '인천광역시 옹진군']
결측 있는 열:
 n_routes                    176
n_routes_weekday_service    176
weekday_runs_total          176
n_routes_weekday_le2        176
n_routes_weekday_ge10       176
tsbis_share_routes_le2      176
tsbis_runs_per_1k           176
